
> revolq@0.1.0 build
> next build

node.exe : ΓÜá 
Warning: Next.js 
inferred your 
workspace root, but 
it may not be correct.
At line:1 char:1
+ & "C:\Program Files\
nodejs/node.exe" "C:\U
sers\eathe\AppData\Roa
ming\ ...
+ ~~~~~~~~~~~~~~~~~~~~
~~~~~~~~~~~~~~~~~~~~~~
~~~~~~~~~~~~~~~~~~~~~~
~~~~~
    + CategoryInfo    
          : NotSpeci  
  fied: (ΓÜá Warnin   
 g: Ne...not be co    
rrect.:String) []    
, RemoteException
    + FullyQualifiedE 
   rrorId : NativeCo  
  mmandError
 
 We detected multiple 
lockfiles and 
selected the 
directory of C:\Users\
eathe\package-lock.jso
n as the root 
directory.
 To silence this 
warning, set 
`turbopack.root` in 
your Next.js config, 
or consider removing 
one of the lockfiles 
if it's not needed.
   See https://nextjs.
org/docs/app/api-refer
ence/config/next-confi
g-js/turbopack#root-di
rectory for more 
information.
 Detected additional 
lockfiles: 
   * C:\Users\eathe\RE
VOLQ\REVOLQ\package-lo
ck.json

Γû▓ Next.js 16.2.1 (Turbopack)

  Creating an optimized production build ...

> Build error occurred
Error: Turbopack 
build failed with 1 
errors:
./REVOLQ/REVOLQ/src/co
mponents/sections/Hero
.tsx:152:9
Detected nested 
styled-jsx tag.
    Read more: https:/
/nextjs.org/docs/messa
ges/nested-styled-jsx-
tags
  [90m150 |[0m 
[32m        }}[0m
  [90m151 |[0m 
[32m      >[0m
[31m[1m>[0m 
[90m152 |[0m [32m  
      <style 
jsx>{`[0m
  [90m    |[0m      
   [31m[1m^^^^^^^^^^
^^[0m
[31m[1m>[0m 
[90m153 |[0m        
   @media (max-width: 
[35m1023[0mpx) {
  [90m    |[0m [31m
[1m^^^^^^^^^^^^^^^^^^
^^^^^^^^^^^^^^^^^^^^[
0m
[31m[1m>[0m 
[90m154 |[0m        
     .hero-grid {
  [90m    |[0m [31m
[1m^^^^^^^^^^^^^^^^^^
^^^^^^[0m
[31m[1m>[0m 
[90m155 |[0m        
       grid-template-c
olumns: [35m1[0mfr 
!important;
  [90m    |[0m [31m
[1m^^^^^^^^^^^^^^^^^^
^^^^^^^^^^^^^^^^^^^^^^
^^^^^^^^^^^^[0m
[31m[1m>[0m 
[90m156 |[0m        
       gap: 
[35m3[0mrem 
!important;
  [90m    |[0m [31m
[1m^^^^^^^^^^^^^^^^^^
^^^^^^^^^^^^^^^^^[0m
[31m[1m>[0m 
[90m157 |[0m        
     }
  [90m    |[0m [31m
[1m^^^^^^^^^^^^^[0m
[31m[1m>[0m 
[90m158 |[0m        
     
.hero-mockup-wrapper {
  [90m    |[0m [31m
[1m^^^^^^^^^^^^^^^^^^
^^^^^^^^^^^^^^^^[0m
[31m[1m>[0m 
[90m159 |[0m        
       display: none 
!important;
  [90m    |[0m [31m
[1m^^^^^^^^^^^^^^^^^^
^^^^^^^^^^^^^^^^^^^^^
[0m
[31m[1m>[0m 
[90m160 |[0m        
     }
  [90m    |[0m [31m
[1m^^^^^^^^^^^^^[0m
[31m[1m>[0m 
[90m161 |[0m        
   }
  [90m    |[0m [31m
[1m^^^^^^^^^^^[0m
[31m[1m>[0m 
[90m162 |[0m        
 [32m`}</style>[0m
  [90m    |[0m [31m
[1m^^^^^^^^^^^^^^^^^^
[0m
  [90m163 |[0m 
[32m        [0m
  [90m164 |[0m 
[32m        <div clas
sName="hero-text">[0m
  [90m165 |[0m 
[32m          {/* 
Eyebrow */}[0m

Ecmascript file had 
an error

Import traces:
  Client Component 
Browser:
    ./REVOLQ/REVOLQ/sr
c/components/sections/
Hero.tsx [Client 
Component Browser]
    ./REVOLQ/REVOLQ/sr
c/app/page.tsx 
[Client Component 
Browser]
    ./REVOLQ/REVOLQ/sr
c/app/page.tsx 
[Server Component]

  Client Component 
SSR:
    ./REVOLQ/REVOLQ/sr
c/components/sections/
Hero.tsx [Client 
Component SSR]
    ./REVOLQ/REVOLQ/sr
c/app/page.tsx 
[Client Component SSR]
    ./REVOLQ/REVOLQ/sr
c/app/page.tsx 
[Server Component]


    at <unknown> (./RE
VOLQ/REVOLQ/src/compon
ents/sections/Hero.tsx
:152:9)
